###############################################################################
#
# IAR ELF Linker V7.40.3.8902/W32 for ARM                 27/Nov/2015  17:09:43
# Copyright 2007-2015 IAR Systems AB.
#
#    Output file  =  
#        C:\Users\CNTM\Downloads\stsw-stm32068\STM32F4-Discovery_FW_V1.1.0\Project\Audio_playback_and_record\EWARM\MEDIA_USB_KEY\Exe\STM32F4-Discovery_Audio_USB.out
#    Map file     =  
#        C:\Users\CNTM\Downloads\stsw-stm32068\STM32F4-Discovery_FW_V1.1.0\Project\Audio_playback_and_record\EWARM\MEDIA_USB_KEY\List\STM32F4-Discovery_Audio_USB.map
#    Command line =  
#        C:\Users\CNTM\Downloads\stsw-stm32068\STM32F4-Discovery_FW_V1.1.0\Project\Audio_playback_and_record\EWARM\MEDIA_USB_KEY\Obj\fattime.o
#        C:\Users\CNTM\Downloads\stsw-stm32068\STM32F4-Discovery_FW_V1.1.0\Project\Audio_playback_and_record\EWARM\MEDIA_USB_KEY\Obj\ff.o
#        C:\Users\CNTM\Downloads\stsw-stm32068\STM32F4-Discovery_FW_V1.1.0\Utilities\STM32F4-Discovery\libPDMFilter_IAR.a
#        C:\Users\CNTM\Downloads\stsw-stm32068\STM32F4-Discovery_FW_V1.1.0\Project\Audio_playback_and_record\EWARM\MEDIA_USB_KEY\Obj\main.o
#        C:\Users\CNTM\Downloads\stsw-stm32068\STM32F4-Discovery_FW_V1.1.0\Project\Audio_playback_and_record\EWARM\MEDIA_USB_KEY\Obj\misc.o
#        C:\Users\CNTM\Downloads\stsw-stm32068\STM32F4-Discovery_FW_V1.1.0\Project\Audio_playback_and_record\EWARM\MEDIA_USB_KEY\Obj\startup_stm32f4xx.o
#        C:\Users\CNTM\Downloads\stsw-stm32068\STM32F4-Discovery_FW_V1.1.0\Project\Audio_playback_and_record\EWARM\MEDIA_USB_KEY\Obj\stm32f4_discovery.o
#        C:\Users\CNTM\Downloads\stsw-stm32068\STM32F4-Discovery_FW_V1.1.0\Project\Audio_playback_and_record\EWARM\MEDIA_USB_KEY\Obj\stm32f4_discovery_audio_codec.o
#        C:\Users\CNTM\Downloads\stsw-stm32068\STM32F4-Discovery_FW_V1.1.0\Project\Audio_playback_and_record\EWARM\MEDIA_USB_KEY\Obj\stm32f4_discovery_lis302dl.o
#        C:\Users\CNTM\Downloads\stsw-stm32068\STM32F4-Discovery_FW_V1.1.0\Project\Audio_playback_and_record\EWARM\MEDIA_USB_KEY\Obj\stm32f4xx_dac.o
#        C:\Users\CNTM\Downloads\stsw-stm32068\STM32F4-Discovery_FW_V1.1.0\Project\Audio_playback_and_record\EWARM\MEDIA_USB_KEY\Obj\stm32f4xx_dma.o
#        C:\Users\CNTM\Downloads\stsw-stm32068\STM32F4-Discovery_FW_V1.1.0\Project\Audio_playback_and_record\EWARM\MEDIA_USB_KEY\Obj\stm32f4xx_exti.o
#        C:\Users\CNTM\Downloads\stsw-stm32068\STM32F4-Discovery_FW_V1.1.0\Project\Audio_playback_and_record\EWARM\MEDIA_USB_KEY\Obj\stm32f4xx_gpio.o
#        C:\Users\CNTM\Downloads\stsw-stm32068\STM32F4-Discovery_FW_V1.1.0\Project\Audio_playback_and_record\EWARM\MEDIA_USB_KEY\Obj\stm32f4xx_i2c.o
#        C:\Users\CNTM\Downloads\stsw-stm32068\STM32F4-Discovery_FW_V1.1.0\Project\Audio_playback_and_record\EWARM\MEDIA_USB_KEY\Obj\stm32f4xx_it.o
#        C:\Users\CNTM\Downloads\stsw-stm32068\STM32F4-Discovery_FW_V1.1.0\Project\Audio_playback_and_record\EWARM\MEDIA_USB_KEY\Obj\stm32f4xx_pwr.o
#        C:\Users\CNTM\Downloads\stsw-stm32068\STM32F4-Discovery_FW_V1.1.0\Project\Audio_playback_and_record\EWARM\MEDIA_USB_KEY\Obj\stm32f4xx_rcc.o
#        C:\Users\CNTM\Downloads\stsw-stm32068\STM32F4-Discovery_FW_V1.1.0\Project\Audio_playback_and_record\EWARM\MEDIA_USB_KEY\Obj\stm32f4xx_rtc.o
#        C:\Users\CNTM\Downloads\stsw-stm32068\STM32F4-Discovery_FW_V1.1.0\Project\Audio_playback_and_record\EWARM\MEDIA_USB_KEY\Obj\stm32f4xx_spi.o
#        C:\Users\CNTM\Downloads\stsw-stm32068\STM32F4-Discovery_FW_V1.1.0\Project\Audio_playback_and_record\EWARM\MEDIA_USB_KEY\Obj\stm32f4xx_syscfg.o
#        C:\Users\CNTM\Downloads\stsw-stm32068\STM32F4-Discovery_FW_V1.1.0\Project\Audio_playback_and_record\EWARM\MEDIA_USB_KEY\Obj\stm32f4xx_tim.o
#        C:\Users\CNTM\Downloads\stsw-stm32068\STM32F4-Discovery_FW_V1.1.0\Project\Audio_playback_and_record\EWARM\MEDIA_USB_KEY\Obj\system_stm32f4xx.o
#        C:\Users\CNTM\Downloads\stsw-stm32068\STM32F4-Discovery_FW_V1.1.0\Project\Audio_playback_and_record\EWARM\MEDIA_USB_KEY\Obj\usb_bsp.o
#        C:\Users\CNTM\Downloads\stsw-stm32068\STM32F4-Discovery_FW_V1.1.0\Project\Audio_playback_and_record\EWARM\MEDIA_USB_KEY\Obj\usb_core.o
#        C:\Users\CNTM\Downloads\stsw-stm32068\STM32F4-Discovery_FW_V1.1.0\Project\Audio_playback_and_record\EWARM\MEDIA_USB_KEY\Obj\usb_hcd.o
#        C:\Users\CNTM\Downloads\stsw-stm32068\STM32F4-Discovery_FW_V1.1.0\Project\Audio_playback_and_record\EWARM\MEDIA_USB_KEY\Obj\usb_hcd_int.o
#        C:\Users\CNTM\Downloads\stsw-stm32068\STM32F4-Discovery_FW_V1.1.0\Project\Audio_playback_and_record\EWARM\MEDIA_USB_KEY\Obj\usbh_core.o
#        C:\Users\CNTM\Downloads\stsw-stm32068\STM32F4-Discovery_FW_V1.1.0\Project\Audio_playback_and_record\EWARM\MEDIA_USB_KEY\Obj\usbh_hcs.o
#        C:\Users\CNTM\Downloads\stsw-stm32068\STM32F4-Discovery_FW_V1.1.0\Project\Audio_playback_and_record\EWARM\MEDIA_USB_KEY\Obj\usbh_ioreq.o
#        C:\Users\CNTM\Downloads\stsw-stm32068\STM32F4-Discovery_FW_V1.1.0\Project\Audio_playback_and_record\EWARM\MEDIA_USB_KEY\Obj\usbh_msc_bot.o
#        C:\Users\CNTM\Downloads\stsw-stm32068\STM32F4-Discovery_FW_V1.1.0\Project\Audio_playback_and_record\EWARM\MEDIA_USB_KEY\Obj\usbh_msc_core.o
#        C:\Users\CNTM\Downloads\stsw-stm32068\STM32F4-Discovery_FW_V1.1.0\Project\Audio_playback_and_record\EWARM\MEDIA_USB_KEY\Obj\usbh_msc_fatfs.o
#        C:\Users\CNTM\Downloads\stsw-stm32068\STM32F4-Discovery_FW_V1.1.0\Project\Audio_playback_and_record\EWARM\MEDIA_USB_KEY\Obj\usbh_msc_scsi.o
#        C:\Users\CNTM\Downloads\stsw-stm32068\STM32F4-Discovery_FW_V1.1.0\Project\Audio_playback_and_record\EWARM\MEDIA_USB_KEY\Obj\usbh_stdreq.o
#        C:\Users\CNTM\Downloads\stsw-stm32068\STM32F4-Discovery_FW_V1.1.0\Project\Audio_playback_and_record\EWARM\MEDIA_USB_KEY\Obj\usbh_usr.o
#        C:\Users\CNTM\Downloads\stsw-stm32068\STM32F4-Discovery_FW_V1.1.0\Project\Audio_playback_and_record\EWARM\MEDIA_USB_KEY\Obj\waveplayer.o
#        C:\Users\CNTM\Downloads\stsw-stm32068\STM32F4-Discovery_FW_V1.1.0\Project\Audio_playback_and_record\EWARM\MEDIA_USB_KEY\Obj\waverecorder.o
#        --redirect _Printf=_PrintfSmall --redirect _Scanf=_ScanfSmall -o
#        C:\Users\CNTM\Downloads\stsw-stm32068\STM32F4-Discovery_FW_V1.1.0\Project\Audio_playback_and_record\EWARM\MEDIA_USB_KEY\Exe\STM32F4-Discovery_Audio_USB.out
#        --map
#        C:\Users\CNTM\Downloads\stsw-stm32068\STM32F4-Discovery_FW_V1.1.0\Project\Audio_playback_and_record\EWARM\MEDIA_USB_KEY\List\STM32F4-Discovery_Audio_USB.map
#        --config
#        C:\Users\CNTM\Downloads\stsw-stm32068\STM32F4-Discovery_FW_V1.1.0\Project\Audio_playback_and_record\EWARM\stm32f4xx_flash.icf
#        --semihosting --entry __iar_program_start --vfe
#
###############################################################################

*******************************************************************************
*** RUNTIME MODEL ATTRIBUTES
***

CppFlavor       = *
__SystemLibrary = DLib


*******************************************************************************
*** PLACEMENT SUMMARY
***

"A1":  place at 0x08000000 { ro section .intvec };
"P1":  place in [from 0x08000000 to 0x080fffff] { ro };
"P2":  place in [from 0x20000000 to 0x2001ffff] { rw, block CSTACK, block HEAP };

  Section            Kind        Address    Size  Object
  -------            ----        -------    ----  ------
"A1":                                      0x188
  .intvec            ro code  0x08000000   0x188  startup_stm32f4xx.o [1]
                            - 0x08000188   0x188

"P1":                                     0x5c68
  .text              ro code  0x08000188   0xf4a  ff.o [1]
  .text              ro code  0x080010d4   0x124  usbh_msc_fatfs.o [1]
  .text              ro code  0x080011f8     0x4  fattime.o [1]
  .text              ro code  0x080011fc    0xa0  usb_hcd.o [1]
  .text              ro code  0x0800129c   0x374  usbh_msc_scsi.o [1]
  .text              ro code  0x08001610   0x294  usbh_msc_bot.o [1]
  .text              ro code  0x080018a4   0x66c  usb_core.o [1]
  .text              ro code  0x08001f10    0xfe  usbh_ioreq.o [1]
  .text              ro code  0x0800200e   0x278  usbh_stdreq.o [1]
  .text              ro code  0x08002288   0x206  usb_bsp.o [1]
  .text              ro code  0x08002490   0x114  stm32f4xx_rcc.o [1]
  .text              ro code  0x080025a4    0xa6  stm32f4xx_gpio.o [1]
  .text              ro code  0x0800264c    0x8c  misc.o [1]
  .text              ro code  0x080026d8   0x15a  stm32f4xx_tim.o [1]
  .text              ro code  0x08002834   0x8c2  stm32f4_discovery_audio_codec.o [1]
  .text              ro code  0x080030f8   0x19c  stm32f4xx_spi.o [1]
  .text              ro code  0x08003294   0x1f8  stm32f4xx_dma.o [1]
  .text              ro code  0x0800348c   0x534  waveplayer.o [1]
  .text              ro code  0x080039c0    0x60  stm32f4xx_dac.o [1]
  .text              ro code  0x08003a20   0x1d8  stm32f4xx_i2c.o [1]
  .text              ro code  0x08003bf8    0x28  stm32f4xx_syscfg.o [1]
  .text              ro code  0x08003c20    0x90  stm32f4xx_exti.o [1]
  .text              ro code  0x08003cb0   0x14d  stm32f4_discovery.o [1]
  .text              ro code  0x08003dfe   0x708  usb_hcd_int.o [1]
  .text              ro code  0x08004508   0x5aa  usbh_core.o [1]
  .text              ro code  0x08004ab2    0xca  usbh_hcs.o [1]
  .text              ro code  0x08004b7c   0x2fc  pdm_filter.o [4]
  .text              ro code  0x08004e78   0x230  usbh_msc_core.o [1]
  .text              ro code  0x080050a8   0x1f0  main.o [1]
  .text              ro code  0x08005298   0x1c2  lz77_init.o [6]
  .text              ro code  0x0800545a     0x6  abort.o [3]
  .text              ro code  0x08005460    0x14  exit.o [7]
  .text              ro code  0x08005474   0x160  stm32f4xx_it.o [1]
  .text              ro code  0x080055d4   0x114  system_stm32f4xx.o [1]
  .text              ro code  0x080056e8   0x110  usbh_usr.o [1]
  .text              ro code  0x080057f8    0x70  waverecorder.o [1]
  .text              ro code  0x08005868    0x40  zero_init3.o [6]
  .text              ro code  0x080058a8    0x28  data_init.o [6]
  .text              ro code  0x080058d0    0x22  fpinit_M.o [5]
  .iar.init_table    const    0x080058f4    0x2c  - Linker created -
  .text              ro code  0x08005920    0x1a  cmain.o [6]
  .text              ro code  0x0800593a     0x4  low_level_init.o [3]
  .text              ro code  0x0800593e     0x4  exit.o [3]
  .text              ro code  0x08005944     0xa  cexit.o [6]
  .text              ro code  0x08005950    0x10  startup_stm32f4xx.o [1]
  .text              ro code  0x08005960     0xc  cstartup_M.o [6]
  .text              ro code  0x0800596c     0x4  startup_stm32f4xx.o [1]
  .text              ro code  0x08005970     0x4  startup_stm32f4xx.o [1]
  .text              ro code  0x08005974     0x4  startup_stm32f4xx.o [1]
  .text              ro code  0x08005978     0x4  startup_stm32f4xx.o [1]
  .text              ro code  0x0800597c     0x4  startup_stm32f4xx.o [1]
  .text              ro code  0x08005980     0x4  startup_stm32f4xx.o [1]
  .text              ro code  0x08005984     0x4  startup_stm32f4xx.o [1]
  .text              ro code  0x08005988     0x4  startup_stm32f4xx.o [1]
  .text              ro code  0x0800598c     0x4  startup_stm32f4xx.o [1]
  .text              ro code  0x08005990     0x4  startup_stm32f4xx.o [1]
  .text              ro code  0x08005994     0x4  startup_stm32f4xx.o [1]
  .text              ro code  0x08005998     0x4  startup_stm32f4xx.o [1]
  .text              ro code  0x0800599c     0x4  startup_stm32f4xx.o [1]
  .text              ro code  0x080059a0     0x4  startup_stm32f4xx.o [1]
  .text              ro code  0x080059a4     0x4  startup_stm32f4xx.o [1]
  .text              ro code  0x080059a8     0x4  startup_stm32f4xx.o [1]
  .text              ro code  0x080059ac     0x4  startup_stm32f4xx.o [1]
  .text              ro code  0x080059b0     0x4  startup_stm32f4xx.o [1]
  .text              ro code  0x080059b4     0x4  startup_stm32f4xx.o [1]
  .text              ro code  0x080059b8     0x4  startup_stm32f4xx.o [1]
  .text              ro code  0x080059bc     0x4  startup_stm32f4xx.o [1]
  .text              ro code  0x080059c0     0x4  startup_stm32f4xx.o [1]
  .text              ro code  0x080059c4     0x4  startup_stm32f4xx.o [1]
  .text              ro code  0x080059c8     0x4  startup_stm32f4xx.o [1]
  .text              ro code  0x080059cc     0x4  startup_stm32f4xx.o [1]
  .text              ro code  0x080059d0     0x4  startup_stm32f4xx.o [1]
  .text              ro code  0x080059d4     0x4  startup_stm32f4xx.o [1]
  .text              ro code  0x080059d8     0x4  startup_stm32f4xx.o [1]
  .text              ro code  0x080059dc     0x4  startup_stm32f4xx.o [1]
  .text              ro code  0x080059e0     0x4  startup_stm32f4xx.o [1]
  .text              ro code  0x080059e4     0x4  startup_stm32f4xx.o [1]
  .text              ro code  0x080059e8     0x4  startup_stm32f4xx.o [1]
  .text              ro code  0x080059ec     0x4  startup_stm32f4xx.o [1]
  .text              ro code  0x080059f0     0x4  startup_stm32f4xx.o [1]
  .text              ro code  0x080059f4     0x4  startup_stm32f4xx.o [1]
  .text              ro code  0x080059f8     0x4  startup_stm32f4xx.o [1]
  .text              ro code  0x080059fc     0x4  startup_stm32f4xx.o [1]
  .text              ro code  0x08005a00     0x4  startup_stm32f4xx.o [1]
  .text              ro code  0x08005a04     0x4  startup_stm32f4xx.o [1]
  .text              ro code  0x08005a08     0x4  startup_stm32f4xx.o [1]
  .text              ro code  0x08005a0c     0x4  startup_stm32f4xx.o [1]
  .text              ro code  0x08005a10     0x4  startup_stm32f4xx.o [1]
  .text              ro code  0x08005a14     0x4  startup_stm32f4xx.o [1]
  .text              ro code  0x08005a18     0x4  startup_stm32f4xx.o [1]
  .text              ro code  0x08005a1c     0x4  startup_stm32f4xx.o [1]
  .text              ro code  0x08005a20     0x4  startup_stm32f4xx.o [1]
  .text              ro code  0x08005a24     0x4  startup_stm32f4xx.o [1]
  .text              ro code  0x08005a28     0x4  startup_stm32f4xx.o [1]
  .text              ro code  0x08005a2c     0x4  startup_stm32f4xx.o [1]
  .text              ro code  0x08005a30     0x4  startup_stm32f4xx.o [1]
  .text              ro code  0x08005a34     0x4  startup_stm32f4xx.o [1]
  .text              ro code  0x08005a38     0x4  startup_stm32f4xx.o [1]
  .text              ro code  0x08005a3c     0x4  startup_stm32f4xx.o [1]
  .text              ro code  0x08005a40     0x4  startup_stm32f4xx.o [1]
  .text              ro code  0x08005a44     0x4  startup_stm32f4xx.o [1]
  .text              ro code  0x08005a48     0x4  startup_stm32f4xx.o [1]
  .text              ro code  0x08005a4c     0x4  startup_stm32f4xx.o [1]
  .text              ro code  0x08005a50     0x4  startup_stm32f4xx.o [1]
  .text              ro code  0x08005a54     0x4  startup_stm32f4xx.o [1]
  .text              ro code  0x08005a58     0x4  startup_stm32f4xx.o [1]
  .text              ro code  0x08005a5c     0x4  startup_stm32f4xx.o [1]
  .text              ro code  0x08005a60     0x4  startup_stm32f4xx.o [1]
  .text              ro code  0x08005a64     0x4  startup_stm32f4xx.o [1]
  .text              ro code  0x08005a68     0x4  startup_stm32f4xx.o [1]
  .text              ro code  0x08005a6c     0x4  startup_stm32f4xx.o [1]
  .text              ro code  0x08005a70     0x4  startup_stm32f4xx.o [1]
  .text              ro code  0x08005a74     0x4  startup_stm32f4xx.o [1]
  .text              ro code  0x08005a78     0x4  startup_stm32f4xx.o [1]
  .text              ro code  0x08005a7c     0x4  startup_stm32f4xx.o [1]
  .text              ro code  0x08005a80     0x4  startup_stm32f4xx.o [1]
  .text              ro code  0x08005a84     0x4  startup_stm32f4xx.o [1]
  .text              ro code  0x08005a88     0x4  startup_stm32f4xx.o [1]
  .text              ro code  0x08005a8c     0x4  startup_stm32f4xx.o [1]
  .text              ro code  0x08005a90     0x4  startup_stm32f4xx.o [1]
  .text              ro code  0x08005a94     0x4  startup_stm32f4xx.o [1]
  .text              ro code  0x08005a98     0x4  startup_stm32f4xx.o [1]
  .text              ro code  0x08005a9c     0x4  startup_stm32f4xx.o [1]
  .text              ro code  0x08005aa0     0x4  startup_stm32f4xx.o [1]
  .text              ro code  0x08005aa4     0x4  startup_stm32f4xx.o [1]
  .text              ro code  0x08005aa8     0x4  startup_stm32f4xx.o [1]
  .text              ro code  0x08005aac     0x4  startup_stm32f4xx.o [1]
  .text              ro code  0x08005ab0     0x4  startup_stm32f4xx.o [1]
  .text              ro code  0x08005ab4     0x4  startup_stm32f4xx.o [1]
  .text              ro code  0x08005ab8     0x4  startup_stm32f4xx.o [1]
  .text              ro code  0x08005abc     0x4  startup_stm32f4xx.o [1]
  .text              ro code  0x08005ac0     0x4  startup_stm32f4xx.o [1]
  .text              ro code  0x08005ac4     0x4  startup_stm32f4xx.o [1]
  .text              ro code  0x08005ac8     0x4  startup_stm32f4xx.o [1]
  .text              ro code  0x08005acc     0x4  startup_stm32f4xx.o [1]
  .text              ro code  0x08005ad0     0x4  startup_stm32f4xx.o [1]
  .text              ro code  0x08005ad4     0x4  startup_stm32f4xx.o [1]
  .rodata            const    0x08005ad8     0x0  zero_init3.o [6]
  .rodata            const    0x08005ad8     0x0  lz77_init.o [6]
  Initializer bytes  const    0x08005ad8   0x318  <for P2 s0>
                            - 0x08005df0  0x5c68

"P2":                                     0x4370
  P2 s0                       0x20000000  0x19ec  <Init block>
    .data            inited   0x20000000  0x1038  waveplayer.o [1]
    .data            inited   0x20001038   0x548  main.o [1]
    .data            inited   0x20001580   0x304  pdm_filter.o [4]
    .data            inited   0x20001884    0x78  stm32f4_discovery_audio_codec.o [1]
    .data            inited   0x200018fc    0x4c  waverecorder.o [1]
    .data            inited   0x20001948    0x48  usbh_usr.o [1]
    .data            inited   0x20001990    0x14  system_stm32f4xx.o [1]
    .data            inited   0x200019a4    0x10  stm32f4_discovery.o [1]
    .data            inited   0x200019b4    0x10  stm32f4xx_rcc.o [1]
    .data            inited   0x200019c4    0x10  usbh_msc_core.o [1]
    .data            inited   0x200019d4     0xc  usbh_core.o [1]
    .data            inited   0x200019e0     0x4  stm32f4_discovery.o [1]
    .data            inited   0x200019e4     0x4  stm32f4_discovery_audio_codec.o [1]
    .data            inited   0x200019e8     0x1  stm32f4xx_it.o [1]
    .data            inited   0x200019e9     0x1  usbh_msc_fatfs.o [1]
    .data            inited   0x200019ea     0x1  usbh_msc_scsi.o [1]
    .data            inited   0x200019eb     0x1  waveplayer.o [1]
  .bss               zero     0x200019ec  0x19c0  waverecorder.o [1]
  .bss               zero     0x200033ac   0x434  usbh_usr.o [1]
  .bss               zero     0x200037e0   0x424  usbh_usr.o [1]
  .bss               zero     0x20003c04   0x200  usbh_msc_scsi.o [1]
  .bss               zero     0x20003e04    0x84  waverecorder.o [1]
  .bss               zero     0x20003e88    0x4c  usbh_msc_core.o [1]
  .bss               zero     0x20003ed4    0x30  usbh_msc_bot.o [1]
  .bss               zero     0x20003f04    0x20  usbh_msc_bot.o [1]
  .bss               zero     0x20003f24    0x1c  usbh_usr.o [1]
  .bss               zero     0x20003f40    0x10  usbh_msc_scsi.o [1]
  .bss               zero     0x20003f50     0x8  ff.o [1]
  .bss               zero     0x20003f58     0x4  stm32f4xx_it.o [1]
  .bss               zero     0x20003f5c     0x4  usb_bsp.o [1]
  .bss               zero     0x20003f60     0x4  waveplayer.o [1]
  .bss               zero     0x20003f64     0x2  stm32f4xx_it.o [1]
  .bss               zero     0x20003f66     0x2  usbh_core.o [1]
  .bss               zero     0x20003f68     0x2  usbh_msc_core.o [1]
  .bss               zero     0x20003f6a     0x1  main.o [1]
  .bss               zero     0x20003f6b     0x1  stm32f4xx_it.o [1]
  .bss               zero     0x20003f6c     0x1  usbh_usr.o [1]
  CSTACK                      0x20003f70   0x400  <Block>
    CSTACK           uninit   0x20003f70   0x400  <Block tail>
                            - 0x20004370  0x4370


*******************************************************************************
*** INIT TABLE
***

          Address     Size
          -------     ----
Zero (__iar_zero_init3)
    1 destination range, total size 0x2581:
          0x200019ec  0x2581

Copy/lz77 (__iar_lz77_init3)
    1 source range, total size 0x318 (11% of destination):
          0x08005ad8   0x318
    1 destination range, total size 0x19ec:
          0x20000000  0x19ec



*******************************************************************************
*** MODULE SUMMARY
***

    Module                           ro code  ro data  rw data
    ------                           -------  -------  -------
C:\Users\CNTM\Downloads\stsw-stm32068\STM32F4-Discovery_FW_V1.1.0\Project\Audio_playback_and_record\EWARM\MEDIA_USB_KEY\Obj: [1]
    fattime.o                              4
    ff.o                               3 914                 8
    main.o                               496      161    1 353
    misc.o                               140
    startup_stm32f4xx.o                  772
    stm32f4_discovery.o                  333        3       20
    stm32f4_discovery_audio_codec.o    2 242       14      124
    stm32f4xx_dac.o                       96
    stm32f4xx_dma.o                      504
    stm32f4xx_exti.o                     144
    stm32f4xx_gpio.o                     166
    stm32f4xx_i2c.o                      472
    stm32f4xx_it.o                       352                 8
    stm32f4xx_rcc.o                      276        2       16
    stm32f4xx_spi.o                      412
    stm32f4xx_syscfg.o                    40
    stm32f4xx_tim.o                      346
    system_stm32f4xx.o                   276        2       20
    usb_bsp.o                            518                 4
    usb_core.o                         1 644
    usb_hcd.o                            160
    usb_hcd_int.o                      1 800
    usbh_core.o                        1 450        1       14
    usbh_hcs.o                           202
    usbh_ioreq.o                         254
    usbh_msc_bot.o                       660                80
    usbh_msc_core.o                      560        2       94
    usbh_msc_fatfs.o                     292                 1
    usbh_msc_scsi.o                      884               529
    usbh_stdreq.o                        632
    usbh_usr.o                           272        9    2 237
    waveplayer.o                       1 332      496    4 157
    waverecorder.o                       112        9    6 800
    ----------------------------------------------------------
    Total:                            21 757      699   15 465

command line: [2]
    ----------------------------------------------------------
    Total:

dl7M_tln.a: [3]
    abort.o                                6
    exit.o                                 4
    low_level_init.o                       4
    ----------------------------------------------------------
    Total:                                14

libPDMFilter_IAR.a: [4]
    pdm_filter.o                         764       93      772
    ----------------------------------------------------------
    Total:                               764       93      772

m7M_tls.a: [5]
    fpinit_M.o                            34
    ----------------------------------------------------------
    Total:                                34

rt7M_tl.a: [6]
    cexit.o                               10
    cmain.o                               26
    cstartup_M.o                          12
    data_init.o                           40
    lz77_init.o                          450
    zero_init3.o                          64
    ----------------------------------------------------------
    Total:                               602

shb_l.a: [7]
    exit.o                                20
    ----------------------------------------------------------
    Total:                                20

    Gaps                                  19        2
    Linker created                                 44    1 024
--------------------------------------------------------------
    Grand Total:                      23 210      838   17 261


*******************************************************************************
*** ENTRY LIST
***

Entry                      Address   Size  Type      Object
-----                      -------   ----  ----      ------
.iar.init_table$$Base   0x080058f4          --   Gb  - Linker created -
.iar.init_table$$Limit  0x08005920          --   Gb  - Linker created -
?main                   0x08005921         Code  Gb  cmain.o [6]
AHBPrescTable           0x20001990   0x10  Data  Gb  system_stm32f4xx.o [1]
APBAHBPrescTable        0x200019b4   0x10  Data  Lc  stm32f4xx_rcc.o [1]
AUDIO_MAL_DMA_CHANNEL   0x200018e0    0x4  Data  Gb  stm32f4_discovery_audio_codec.o [1]
AUDIO_MAL_DMA_CLOCK     0x200018d4    0x4  Data  Gb  stm32f4_discovery_audio_codec.o [1]
AUDIO_MAL_DMA_DREG      0x200018dc    0x4  Data  Gb  stm32f4_discovery_audio_codec.o [1]
AUDIO_MAL_DMA_FLAG_DME  0x200018f8    0x4  Data  Gb  stm32f4_discovery_audio_codec.o [1]
AUDIO_MAL_DMA_FLAG_FE   0x200018f0    0x4  Data  Gb  stm32f4_discovery_audio_codec.o [1]
AUDIO_MAL_DMA_FLAG_HT   0x200018ec    0x4  Data  Gb  stm32f4_discovery_audio_codec.o [1]
AUDIO_MAL_DMA_FLAG_TC   0x200018e8    0x4  Data  Gb  stm32f4_discovery_audio_codec.o [1]
AUDIO_MAL_DMA_FLAG_TE   0x200018f4    0x4  Data  Gb  stm32f4_discovery_audio_codec.o [1]
AUDIO_MAL_DMA_IRQ       0x200018e4    0x4  Data  Gb  stm32f4_discovery_audio_codec.o [1]
AUDIO_MAL_DMA_STREAM    0x200018d8    0x4  Data  Gb  stm32f4_discovery_audio_codec.o [1]
AudioPlayStart          0x20000002    0x1  Data  Gb  waveplayer.o [1]
AudioRecBitRes          0x20001934    0x4  Data  Gb  waverecorder.o [1]
AudioRecChnlNbr         0x2000193c    0x4  Data  Gb  waverecorder.o [1]
AudioRecCurrSize        0x20001944    0x4  Data  Gb  waverecorder.o [1]
AudioRecInited          0x20001930    0x4  Data  Lc  waverecorder.o [1]
AudioRemSize            0x200018c8    0x4  Data  Gb  stm32f4_discovery_audio_codec.o [1]
AudioTotalSize          0x200018c4    0x4  Data  Gb  stm32f4_discovery_audio_codec.o [1]
Audio_MAL_IRQHandler    0x080029b1   0x82  Code  Lc  stm32f4_discovery_audio_codec.o [1]
Audio_MAL_Init          0x08002f4d   0x9e  Code  Lc  stm32f4_discovery_audio_codec.o [1]
Audio_MAL_Play          0x08003005   0x34  Code  Gb  stm32f4_discovery_audio_codec.o [1]
BOTStallErrorCount      0x20003ef8    0x4  Data  Lc  usbh_msc_bot.o [1]
BSP_Delay               0x080023ff   0x64  Code  Lc  usb_bsp.o [1]
BSP_delay               0x20003f5c    0x4  Data  Gb  usb_bsp.o [1]
BUTTON_CLK              0x08003dec    0x4  Data  Gb  stm32f4_discovery.o [1]
BUTTON_EXTI_LINE        0x08003df0    0x2  Data  Gb  stm32f4_discovery.o [1]
BUTTON_IRQn             0x08003dfc    0x1  Data  Gb  stm32f4_discovery.o [1]
BUTTON_PIN              0x08003de8    0x2  Data  Gb  stm32f4_discovery.o [1]
BUTTON_PIN_SOURCE       0x08003df8    0x1  Data  Gb  stm32f4_discovery.o [1]
BUTTON_PORT             0x200019e0    0x4  Data  Gb  stm32f4_discovery.o [1]
BUTTON_PORT_SOURCE      0x08003df4    0x1  Data  Gb  stm32f4_discovery.o [1]
BusFault_Handler        0x0800547b    0x2  Code  Gb  stm32f4xx_it.o [1]
BytesRead               0x20000034    0x4  Data  Gb  waveplayer.o [1]
CCR_Val                 0x2000103a    0x2  Data  Gb  main.o [1]
CODECTimeout            0x200019e4    0x4  Data  Gb  stm32f4_discovery_audio_codec.o [1]
CSTACK$$Base            0x20003f70          --   Gb  - Linker created -
CSTACK$$Limit           0x20004370          --   Gb  - Linker created -
Codec_GPIO_Init         0x08002e47   0xd0  Code  Lc  stm32f4_discovery_audio_codec.o [1]
Codec_Init              0x08002a87  0x170  Code  Lc  stm32f4_discovery_audio_codec.o [1]
Codec_Mute              0x08002c19   0x10  Code  Lc  stm32f4_discovery_audio_codec.o [1]
Codec_ReadRegister      0x08002d29  0x106  Code  Lc  stm32f4_discovery_audio_codec.o [1]
Codec_Reset             0x08002c29   0x26  Code  Lc  stm32f4_discovery_audio_codec.o [1]
Codec_TIMEOUT_UserCallback
                        0x0800365b    0x4  Code  Gb  waveplayer.o [1]
Codec_VolumeCtrl        0x08002bfd   0x1c  Code  Lc  stm32f4_discovery_audio_codec.o [1]
Codec_WriteRegister     0x08002c4f   0xd0  Code  Lc  stm32f4_discovery_audio_codec.o [1]
Command_index           0x20003f6c    0x1  Data  Gb  usbh_usr.o [1]
Count                   0x20003f6b    0x1  Data  Gb  stm32f4xx_it.o [1]
CurrAudioInterface      0x200018d0    0x4  Data  Gb  stm32f4_discovery_audio_codec.o [1]
CurrentPos              0x200018cc    0x4  Data  Gb  stm32f4_discovery_audio_codec.o [1]
DAC_Cmd                 0x080039e7   0x18  Code  Gb  stm32f4xx_dac.o [1]
DAC_Config              0x08003039   0x34  Code  Gb  stm32f4_discovery_audio_codec.o [1]
DAC_Init                0x080039c1   0x26  Code  Gb  stm32f4xx_dac.o [1]
DAC_SetChannel1Data     0x080039ff    0xa  Code  Gb  stm32f4xx_dac.o [1]
DMA1_Stream0_IRQHandler
                        0x08002a4d    0x2  Code  Gb  stm32f4_discovery_audio_codec.o [1]
DMA1_Stream7_IRQHandler
                        0x08002a4b    0x2  Code  Gb  stm32f4_discovery_audio_codec.o [1]
DMA_ClearFlag           0x080033e1   0x1a  Code  Gb  stm32f4xx_dma.o [1]
DMA_Cmd                 0x080033a5   0x12  Code  Gb  stm32f4xx_dma.o [1]
DMA_DeInit              0x08003295   0xc0  Code  Gb  stm32f4xx_dma.o [1]
DMA_GetCmdStatus        0x080033b7    0x2  Code  Gb  stm32f4xx_dma.o [1]
DMA_GetFlagStatus       0x080033bf   0x22  Code  Gb  stm32f4xx_dma.o [1]
DMA_ITConfig            0x080033fb   0x2c  Code  Gb  stm32f4xx_dma.o [1]
DMA_Init                0x08003355   0x50  Code  Gb  stm32f4xx_dma.o [1]
DMA_InitStructure       0x20001888   0x3c  Data  Gb  stm32f4_discovery_audio_codec.o [1]
Data_Status             0x20001938    0x4  Data  Gb  waverecorder.o [1]
DebugMon_Handler        0x08005481    0x2  Code  Gb  stm32f4xx_it.o [1]
Delay                   0x08002f39   0x14  Code  Lc  stm32f4_discovery_audio_codec.o [1]
Delay                   0x0800365f   0x12  Code  Gb  waveplayer.o [1]
EVAL_AUDIO_GetSampleCallBack
                        0x08003657    0x4  Code  Gb  waveplayer.o [1]
EVAL_AUDIO_Init         0x080028b3   0x26  Code  Gb  stm32f4_discovery_audio_codec.o [1]
EVAL_AUDIO_PauseResume  0x080028d9   0x72  Code  Gb  stm32f4_discovery_audio_codec.o [1]
EVAL_AUDIO_SetAudioInterface
                        0x08002835   0x7e  Code  Gb  stm32f4_discovery_audio_codec.o [1]
EVAL_AUDIO_Stop         0x0800294b   0x66  Code  Gb  stm32f4_discovery_audio_codec.o [1]
EVAL_AUDIO_TransferComplete_CallBack
                        0x08003637   0x20  Code  Gb  waveplayer.o [1]
EXTI0_IRQHandler        0x08005545   0x16  Code  Gb  stm32f4xx_it.o [1]
EXTI1_IRQHandler        0x0800555b    0x6  Code  Gb  stm32f4xx_it.o [1]
EXTI2_IRQHandler        0x08005579   0x16  Code  Gb  stm32f4xx_it.o [1]
EXTI3_IRQHandler        0x08005597   0x18  Code  Gb  stm32f4xx_it.o [1]
EXTI4_IRQHandler        0x08005561   0x18  Code  Gb  stm32f4xx_it.o [1]
EXTI_ClearITPendingBit  0x08003c9d    0x2  Code  Gb  stm32f4xx_exti.o [1]
EXTI_GetITStatus        0x08003c87   0x16  Code  Gb  stm32f4xx_exti.o [1]
EXTI_Init               0x08003c21   0x66  Code  Gb  stm32f4xx_exti.o [1]
FatFs                   0x20003f54    0x4  Data  Lc  ff.o [1]
Filter                  0x200018fc   0x34  Data  Gb  waverecorder.o [1]
Fsid                    0x20003f50    0x2  Data  Lc  ff.o [1]
GPIO_CLK                0x08003dd8   0x10  Data  Gb  stm32f4_discovery.o [1]
GPIO_Init               0x080025a5   0x70  Code  Gb  stm32f4xx_gpio.o [1]
GPIO_PIN                0x08003dd0    0x8  Data  Gb  stm32f4_discovery.o [1]
GPIO_PORT               0x200019a4   0x10  Data  Gb  stm32f4_discovery.o [1]
GPIO_PinAFConfig        0x08002627   0x24  Code  Gb  stm32f4xx_gpio.o [1]
GPIO_ResetBits          0x08002619    0x4  Code  Gb  stm32f4xx_gpio.o [1]
GPIO_SetBits            0x08002615    0x4  Code  Gb  stm32f4xx_gpio.o [1]
GPIO_WriteBit           0x0800261d    0xa  Code  Gb  stm32f4xx_gpio.o [1]
HCD_GetCurrentFrame     0x0800126f    0x8  Code  Gb  usb_hcd.o [1]
HCD_GetCurrentSpeed     0x08001253    0xc  Code  Gb  usb_hcd.o [1]
HCD_GetURB_State        0x08001277    0x8  Code  Gb  usb_hcd.o [1]
HCD_GetXferCnt          0x0800127f    0xa  Code  Gb  usb_hcd.o [1]
HCD_Init                0x080011fd   0x56  Code  Gb  usb_hcd.o [1]
HCD_IsDeviceConnected   0x08001269    0x6  Code  Gb  usb_hcd.o [1]
HCD_ResetPort           0x0800125f    0xa  Code  Gb  usb_hcd.o [1]
HCD_SubmitRequest       0x08001289   0x14  Code  Gb  usb_hcd.o [1]
HardFault_Handler       0x08005477    0x2  Code  Gb  stm32f4xx_it.o [1]
I2C_AcknowledgeConfig   0x08003b85   0x14  Code  Gb  stm32f4xx_i2c.o [1]
I2C_CheckEvent          0x08003ba3   0x1a  Code  Gb  stm32f4xx_i2c.o [1]
I2C_ClearFlag           0x08003bf1    0x2  Code  Gb  stm32f4xx_i2c.o [1]
I2C_Cmd                 0x08003b39   0x14  Code  Gb  stm32f4xx_i2c.o [1]
I2C_DeInit              0x08003a21   0x52  Code  Gb  stm32f4xx_i2c.o [1]
I2C_GenerateSTART       0x08003b4d   0x14  Code  Gb  stm32f4xx_i2c.o [1]
I2C_GenerateSTOP        0x08003b61   0x14  Code  Gb  stm32f4xx_i2c.o [1]
I2C_GetFlagStatus       0x08003bbd   0x34  Code  Gb  stm32f4xx_i2c.o [1]
I2C_Init                0x08003a73   0xb0  Code  Gb  stm32f4xx_i2c.o [1]
I2C_ReceiveData         0x08003b9d    0x6  Code  Gb  stm32f4xx_i2c.o [1]
I2C_Send7bitAddress     0x08003b75   0x10  Code  Gb  stm32f4xx_i2c.o [1]
I2C_SendData            0x08003b99    0x4  Code  Gb  stm32f4xx_i2c.o [1]
I2S_Cmd                 0x08003209   0x14  Code  Gb  stm32f4xx_spi.o [1]
I2S_Init                0x08003151   0x9e  Code  Gb  stm32f4xx_spi.o [1]
IT_Lines_Init           0x080051c9   0x60  Code  Gb  main.o [1]
InStream_Read           0x08005299   0x22  Code  Lc  lz77_init.o [6]
InternalBuffer          0x20003e04   0x80  Data  Lc  waverecorder.o [1]
InternalBufferSize      0x20003e84    0x4  Data  Lc  waverecorder.o [1]
LED_Toggle              0x20003f58    0x1  Data  Gb  stm32f4xx_it.o [1]
MSCErrorCount           0x20003f68    0x1  Data  Gb  usbh_msc_core.o [1]
MSC_Machine             0x20003e88   0x4c  Data  Gb  usbh_msc_core.o [1]
MemManage_Handler       0x08005479    0x2  Code  Gb  stm32f4xx_it.o [1]
NMI_Handler             0x08005475    0x2  Code  Gb  stm32f4xx_it.o [1]
NVIC_Init               0x08002657   0x5a  Code  Gb  misc.o [1]
NVIC_PriorityGroupConfig
                        0x0800264d    0xa  Code  Gb  misc.o [1]
NVIC_SetVectorTable     0x080026b1    0xc  Code  Gb  misc.o [1]
OTG_FS_IRQHandler       0x080055b3    0x6  Code  Gb  stm32f4xx_it.o [1]
OutStream_Write         0x080052bb   0x40  Code  Lc  lz77_init.o [6]
OutputDev               0x20001884    0x1  Data  Gb  stm32f4_discovery_audio_codec.o [1]
PDM_Filter_64_LSB       0x08004b7d  0x2ee  Code  Gb  pdm_filter.o [4]
PauseResumeStatus       0x200019e8    0x1  Data  Gb  stm32f4xx_it.o [1]
PendSV_Handler          0x08005483    0x2  Code  Gb  stm32f4xx_it.o [1]
RAM_Buf                 0x20001bf4  0xbb8  Data  Gb  waverecorder.o [1]
RAM_Buf1                0x200027ac  0xbb8  Data  Gb  waverecorder.o [1]
RCC_AHB1PeriphClockCmd  0x08002511   0x12  Code  Gb  stm32f4xx_rcc.o [1]
RCC_AHB2PeriphClockCmd  0x08002523   0x12  Code  Gb  stm32f4xx_rcc.o [1]
RCC_APB1PeriphClockCmd  0x08002535   0x12  Code  Gb  stm32f4xx_rcc.o [1]
RCC_APB1PeriphResetCmd  0x08002559   0x12  Code  Gb  stm32f4xx_rcc.o [1]
RCC_APB2PeriphClockCmd  0x08002547   0x12  Code  Gb  stm32f4xx_rcc.o [1]
RCC_APB2PeriphResetCmd  0x0800256b   0x12  Code  Gb  stm32f4xx_rcc.o [1]
RCC_Clocks              0x2000103c   0x10  Data  Gb  main.o [1]
RCC_GetClocksFreq       0x08002491   0x80  Code  Gb  stm32f4xx_rcc.o [1]
ReadUnit                0x08003967   0x24  Code  Gb  waveplayer.o [1]
RecBuf                  0x2000336c   0x20  Data  Gb  waverecorder.o [1]
RecBuf1                 0x2000338c   0x20  Data  Gb  waverecorder.o [1]
RecBufHeader            0x200019ec  0x200  Data  Gb  waverecorder.o [1]
Region$$Table$$Base     0x080058f4          --   Gb  - Linker created -
Region$$Table$$Limit    0x08005920          --   Gb  - Linker created -
RepeatState             0x20001038    0x1  Data  Gb  main.o [1]
SPI2_IRQHandler         0x08005811   0x4a  Code  Gb  waverecorder.o [1]
SPI3_IRQHandler         0x08002a4f   0x38  Code  Gb  stm32f4_discovery_audio_codec.o [1]
SPI_I2S_DMACmd          0x08003239   0x10  Code  Gb  stm32f4xx_spi.o [1]
SPI_I2S_DeInit          0x080030f9   0x58  Code  Gb  stm32f4xx_spi.o [1]
SPI_I2S_GetFlagStatus   0x08003263    0xe  Code  Gb  stm32f4xx_spi.o [1]
SPI_I2S_GetITStatus     0x08003271   0x24  Code  Gb  stm32f4xx_spi.o [1]
SPI_I2S_ITConfig        0x08003249   0x1a  Code  Gb  stm32f4xx_spi.o [1]
SPI_I2S_ReceiveData     0x08003231    0x4  Code  Gb  stm32f4xx_spi.o [1]
SPI_I2S_SendData        0x08003235    0x4  Code  Gb  stm32f4xx_spi.o [1]
STM_EVAL_LEDInit        0x08003cb1   0x42  Code  Gb  stm32f4_discovery.o [1]
STM_EVAL_LEDOff         0x08003d05   0x12  Code  Gb  stm32f4_discovery.o [1]
STM_EVAL_LEDOn          0x08003cf3   0x12  Code  Gb  stm32f4_discovery.o [1]
STM_EVAL_LEDToggle      0x08003d17   0x16  Code  Gb  stm32f4_discovery.o [1]
STM_EVAL_PBInit         0x08003d2d   0x9a  Code  Gb  stm32f4_discovery.o [1]
SVC_Handler             0x0800547f    0x2  Code  Gb  stm32f4xx_it.o [1]
SYSCFG_EXTILineConfig   0x08003bf9   0x22  Code  Gb  stm32f4xx_syscfg.o [1]
SpeechDataOffset        0x20000020    0x4  Data  Lc  waveplayer.o [1]
Stat                    0x200019e9    0x1  Data  Lc  usbh_msc_fatfs.o [1]
Switch                  0x20001bed    0x1  Data  Gb  waverecorder.o [1]
SysTick_Handler         0x08005485   0x18  Code  Gb  stm32f4xx_it.o [1]
SystemCoreClock         0x200019a0    0x4  Data  Gb  system_stm32f4xx.o [1]
SystemInit              0x080055d5   0xea  Code  Gb  system_stm32f4xx.o [1]
T0                      0x20001584  0x100  Data  Gb  pdm_filter.o [4]
T1                      0x20001684  0x100  Data  Gb  pdm_filter.o [4]
T2                      0x20001784  0x100  Data  Gb  pdm_filter.o [4]
TIM2_IRQHandler         0x080055af    0x4  Code  Gb  stm32f4xx_it.o [1]
TIM4_IRQHandler         0x0800549d   0xa8  Code  Gb  stm32f4xx_it.o [1]
TIM_ARRPreloadConfig    0x0800273b   0x14  Code  Gb  stm32f4xx_tim.o [1]
TIM_ClearITPendingBit   0x0800282b    0x2  Code  Gb  stm32f4xx_tim.o [1]
TIM_Cmd                 0x0800274f   0x14  Code  Gb  stm32f4xx_tim.o [1]
TIM_GetCapture1         0x08002803    0x4  Code  Gb  stm32f4xx_tim.o [1]
TIM_GetITStatus         0x08002817   0x14  Code  Gb  stm32f4xx_tim.o [1]
TIM_ITConfig            0x08002807   0x10  Code  Gb  stm32f4xx_tim.o [1]
TIM_OC1Init             0x08002763   0x5c  Code  Gb  stm32f4xx_tim.o [1]
TIM_OC1PreloadConfig    0x080027f5    0x6  Code  Gb  stm32f4xx_tim.o [1]
TIM_SetCompare1         0x080027f1    0x4  Code  Gb  stm32f4xx_tim.o [1]
TIM_TimeBaseInit        0x080026d9   0x62  Code  Gb  stm32f4xx_tim.o [1]
Time_Rec_Base           0x20003f64    0x2  Data  Gb  stm32f4xx_it.o [1]
TimingDelay             0x20003f60    0x4  Data  Lc  waveplayer.o [1]
TimingDelay_Decrement   0x08003671    0xe  Code  Gb  waveplayer.o [1]
USBH_Alloc_Channel      0x08004b21   0x34  Code  Gb  usbh_hcs.o [1]
USBH_BulkReceiveData    0x08001fd9    0xc  Code  Gb  usbh_ioreq.o [1]
USBH_BulkSendData       0x08001fb3   0x10  Code  Gb  usbh_ioreq.o [1]
USBH_ClrFeature         0x08002105   0x2a  Code  Gb  usbh_stdreq.o [1]
USBH_Connect            0x08004509   0x12  Code  Gb  usbh_core.o [1]
USBH_CtlReceiveData     0x08001f9d   0x16  Code  Gb  usbh_ioreq.o [1]
USBH_CtlReq             0x08001f11   0x50  Code  Gb  usbh_ioreq.o [1]
USBH_CtlSendData        0x08001f87   0x16  Code  Gb  usbh_ioreq.o [1]
USBH_CtlSendSetup       0x08001f61   0x26  Code  Gb  usbh_ioreq.o [1]
USBH_DataInBuffer       0x20003c04  0x200  Data  Gb  usbh_msc_scsi.o [1]
USBH_DeAllocate_AllChannel
                        0x08004b6d   0x10  Code  Gb  usbh_hcs.o [1]
USBH_DeInit             0x0800457f   0x38  Code  Gb  usbh_core.o [1]
USBH_DeviceConnStatus_cb
                        0x200019d4    0xc  Data  Gb  usbh_core.o [1]
USBH_Disconnect         0x0800451b   0x12  Code  Gb  usbh_core.o [1]
USBH_ErrorHandle        0x08004741   0x30  Code  Gb  usbh_core.o [1]
USBH_Free_Channel       0x08004b55   0x18  Code  Gb  usbh_hcs.o [1]
USBH_GetDescriptor      0x080020b9   0x2c  Code  Gb  usbh_stdreq.o [1]
USBH_GetNextDesc        0x08002277   0x10  Code  Lc  usbh_stdreq.o [1]
USBH_Get_CfgDesc        0x08002035   0x2e  Code  Gb  usbh_stdreq.o [1]
USBH_Get_DevDesc        0x0800200f   0x26  Code  Gb  usbh_stdreq.o [1]
USBH_Get_StringDesc     0x08002071   0x48  Code  Gb  usbh_stdreq.o [1]
USBH_HandleControl      0x08004905  0x18a  Code  Gb  usbh_core.o [1]
USBH_HandleEnum         0x08004771  0x186  Code  Lc  usbh_core.o [1]
USBH_Init               0x0800452d   0x52  Code  Gb  usbh_core.o [1]
USBH_MSC_BOTXferParam   0x20003ed4   0x10  Data  Gb  usbh_msc_bot.o [1]
USBH_MSC_BOT_Abort      0x08001813   0x30  Code  Gb  usbh_msc_bot.o [1]
USBH_MSC_CBWData        0x20003f04   0x20  Data  Gb  usbh_msc_bot.o [1]
USBH_MSC_CSWData        0x20003ee4   0x10  Data  Gb  usbh_msc_bot.o [1]
USBH_MSC_ClassRequest   0x08004f31    0x8  Code  Lc  usbh_msc_core.o [1]
USBH_MSC_DecodeCSW      0x08001843   0x46  Code  Gb  usbh_msc_bot.o [1]
USBH_MSC_ErrorHandle    0x08005075   0x28  Code  Gb  usbh_msc_core.o [1]
USBH_MSC_Handle         0x08004f39  0x13c  Code  Lc  usbh_msc_core.o [1]
USBH_MSC_HandleBOTXfer  0x08001639  0x1d2  Code  Gb  usbh_msc_bot.o [1]
USBH_MSC_Init           0x08001611   0x26  Code  Gb  usbh_msc_bot.o [1]
USBH_MSC_InterfaceDeInit
                        0x08004eff   0x32  Code  Lc  usbh_msc_core.o [1]
USBH_MSC_InterfaceInit  0x08004e79   0x76  Code  Lc  usbh_msc_core.o [1]
USBH_MSC_ModeSense6     0x08001357   0x5c  Code  Gb  usbh_msc_scsi.o [1]
USBH_MSC_Param          0x20003f40   0x10  Data  Gb  usbh_msc_scsi.o [1]
USBH_MSC_Read10         0x08001535   0xc4  Code  Gb  usbh_msc_scsi.o [1]
USBH_MSC_ReadCapacity10
                        0x080012f5   0x62  Code  Gb  usbh_msc_scsi.o [1]
USBH_MSC_RequestSense   0x08001401   0x6e  Code  Gb  usbh_msc_scsi.o [1]
USBH_MSC_TestUnitReady  0x0800129d   0x58  Code  Gb  usbh_msc_scsi.o [1]
USBH_MSC_Write10        0x080014a3   0x92  Code  Gb  usbh_msc_scsi.o [1]
USBH_MSC_cb             0x200019c4   0x10  Data  Gb  usbh_msc_core.o [1]
USBH_Modify_Channel     0x08004af5   0x2c  Code  Gb  usbh_hcs.o [1]
USBH_OTG_ISR_Handler    0x08003dff   0xf4  Code  Gb  usb_hcd_int.o [1]
USBH_Open_Channel       0x08004ab3   0x42  Code  Gb  usbh_hcs.o [1]
USBH_ParseCfgDesc       0x08002187   0xf0  Code  Lc  usbh_stdreq.o [1]
USBH_ParseDevDesc       0x0800212f   0x58  Code  Lc  usbh_stdreq.o [1]
USBH_Process            0x080045b9  0x176  Code  Gb  usbh_core.o [1]
USBH_SetAddress         0x080020e5    0xa  Code  Gb  usbh_stdreq.o [1]
USBH_SetCfg             0x080020ef    0x8  Code  Gb  usbh_stdreq.o [1]
USBH_USR_ApplicationState
                        0x200033ac    0x1  Data  Lc  usbh_usr.o [1]
USBH_USR_Configuration_DescAvailable
                        0x08005769    0x2  Code  Gb  usbh_usr.o [1]
USBH_USR_DeInit         0x080057cb    0x8  Code  Gb  usbh_usr.o [1]
USBH_USR_DeviceAddressAssigned
                        0x08005767    0x2  Code  Gb  usbh_usr.o [1]
USBH_USR_DeviceAttached
                        0x080056eb   0x28  Code  Gb  usbh_usr.o [1]
USBH_USR_DeviceDisconnected
                        0x08005715   0x4c  Code  Gb  usbh_usr.o [1]
USBH_USR_DeviceNotSupported
                        0x08005781    0x2  Code  Gb  usbh_usr.o [1]
USBH_USR_DeviceSpeedDetected
                        0x08005763    0x2  Code  Gb  usbh_usr.o [1]
USBH_USR_Device_DescAvailable
                        0x08005765    0x2  Code  Gb  usbh_usr.o [1]
USBH_USR_EnumerationDone
                        0x08005771   0x10  Code  Gb  usbh_usr.o [1]
USBH_USR_Init           0x080056e9    0x2  Code  Gb  usbh_usr.o [1]
USBH_USR_MSC_Application
                        0x08005789   0x42  Code  Gb  usbh_usr.o [1]
USBH_USR_Manufacturer_String
                        0x0800576b    0x2  Code  Gb  usbh_usr.o [1]
USBH_USR_OverCurrentDetected
                        0x08005787    0x2  Code  Gb  usbh_usr.o [1]
USBH_USR_Product_String
                        0x0800576d    0x2  Code  Gb  usbh_usr.o [1]
USBH_USR_ResetDevice    0x08005761    0x2  Code  Gb  usbh_usr.o [1]
USBH_USR_SerialNum_String
                        0x0800576f    0x2  Code  Gb  usbh_usr.o [1]
USBH_USR_UnrecoveredError
                        0x08005713    0x2  Code  Gb  usbh_usr.o [1]
USBH_USR_UserInput      0x08005783    0x4  Code  Gb  usbh_usr.o [1]
USB_Host                0x200014fc   0x84  Data  Gb  main.o [1]
USB_OTG_BSP_ConfigVBUS  0x0800238f   0x3a  Code  Gb  usb_bsp.o [1]
USB_OTG_BSP_DriveVBUS   0x0800237d   0x12  Code  Gb  usb_bsp.o [1]
USB_OTG_BSP_EnableInterrupt
                        0x08002349   0x28  Code  Gb  usb_bsp.o [1]
USB_OTG_BSP_Init        0x08002289   0xac  Code  Gb  usb_bsp.o [1]
USB_OTG_BSP_TimerIRQ    0x080023d1   0x2e  Code  Gb  usb_bsp.o [1]
USB_OTG_BSP_mDelay      0x080023cd    0x4  Code  Gb  usb_bsp.o [1]
USB_OTG_BSP_uDelay      0x080023c9    0x4  Code  Gb  usb_bsp.o [1]
USB_OTG_Core            0x2000104c  0x4b0  Data  Gb  main.o [1]
USB_OTG_CoreInit        0x080019f9   0xc0  Code  Gb  usb_core.o [1]
USB_OTG_CoreInitHost    0x08001b81   0x7c  Code  Gb  usb_core.o [1]
USB_OTG_CoreReset       0x080018a5   0x4a  Code  Lc  usb_core.o [1]
USB_OTG_DisableGlobalInt
                        0x08001ac3    0x8  Code  Gb  usb_core.o [1]
USB_OTG_DriveVbus       0x08001c0b   0x36  Code  Gb  usb_core.o [1]
USB_OTG_EnableGlobalInt
                        0x08001ab9    0xa  Code  Gb  usb_core.o [1]
USB_OTG_EnableHostInt   0x08001c41   0x28  Code  Gb  usb_core.o [1]
USB_OTG_FlushRxFifo     0x08001aff   0x24  Code  Gb  usb_core.o [1]
USB_OTG_FlushTxFifo     0x08001ad1   0x2e  Code  Gb  usb_core.o [1]
USB_OTG_GetMode         0x08001b5f    0xa  Code  Gb  usb_core.o [1]
USB_OTG_HC_DoPing       0x08001ebf   0x20  Code  Gb  usb_core.o [1]
USB_OTG_HC_Halt         0x08001e89   0x36  Code  Gb  usb_core.o [1]
USB_OTG_HC_Init         0x08001cb9   0xd6  Code  Gb  usb_core.o [1]
USB_OTG_HC_StartXfer    0x08001d8f   0xfa  Code  Gb  usb_core.o [1]
USB_OTG_InitFSLSPClkSel
                        0x08001c69   0x12  Code  Gb  usb_core.o [1]
USB_OTG_IsEvenFrame     0x08001bfd    0xe  Code  Gb  usb_core.o [1]
USB_OTG_IsHostMode      0x08001b69    0xe  Code  Gb  usb_core.o [1]
USB_OTG_ReadCoreItr     0x08001b77    0xa  Code  Gb  usb_core.o [1]
USB_OTG_ReadHPRT0       0x08001c7b    0xc  Code  Gb  usb_core.o [1]
USB_OTG_ReadHostAllChannels_intr
                        0x08001c87    0x6  Code  Gb  usb_core.o [1]
USB_OTG_ReadPacket      0x08001919   0x24  Code  Gb  usb_core.o [1]
USB_OTG_ResetPort       0x08001c8d   0x2c  Code  Gb  usb_core.o [1]
USB_OTG_SelectCore      0x0800193d   0xbc  Code  Gb  usb_core.o [1]
USB_OTG_SetCurrentMode  0x08001b39   0x26  Code  Gb  usb_core.o [1]
USB_OTG_USBH_handle_hc_n_In_ISR
                        0x0800425f  0x1b2  Code  Lc  usb_hcd_int.o [1]
USB_OTG_USBH_handle_hc_n_Out_ISR
                        0x080040e1  0x158  Code  Lc  usb_hcd_int.o [1]
USB_OTG_USBH_handle_nptxfempty_ISR
                        0x08003ef3   0x3c  Code  Lc  usb_hcd_int.o [1]
USB_OTG_USBH_handle_port_ISR
                        0x0800403d   0xa4  Code  Lc  usb_hcd_int.o [1]
USB_OTG_USBH_handle_ptxfempty_ISR
                        0x08003f2f   0x3c  Code  Lc  usb_hcd_int.o [1]
USB_OTG_USBH_handle_rx_qlvl_ISR
                        0x0800443f   0xb0  Code  Lc  usb_hcd_int.o [1]
USB_OTG_WritePacket     0x080018ef   0x2a  Code  Gb  usb_core.o [1]
USR_Callbacks           0x20001948   0x48  Data  Gb  usbh_usr.o [1]
UsageFault_Handler      0x0800547d    0x2  Code  Gb  stm32f4xx_it.o [1]
WAVE_Format             0x20000004   0x18  Data  Gb  waveplayer.o [1]
WaveCounter             0x20000028    0x4  Data  Gb  waveplayer.o [1]
WaveDataLength          0x2000002c    0x4  Data  Gb  waveplayer.o [1]
WaveFileName            0x2000001c    0x4  Data  Lc  waveplayer.o [1]
WaveFileStatus          0x20000000    0x1  Data  Gb  waveplayer.o [1]
WavePlayBack            0x0800348d   0xf8  Code  Gb  waveplayer.o [1]
WavePlayerInit          0x080035a7   0x90  Code  Gb  waveplayer.o [1]
WavePlayerStart         0x0800367f  0x110  Code  Gb  waveplayer.o [1]
WavePlayer_CallBack     0x0800378f   0x52  Code  Gb  waveplayer.o [1]
WavePlayer_WaveParsing  0x080037e1  0x126  Code  Lc  waveplayer.o [1]
WaveRecStatus           0x20001bec    0x1  Data  Gb  waverecorder.o [1]
WaveRecorderStop        0x080057f9   0x18  Code  Gb  waverecorder.o [1]
XferCplt                0x20000024    0x4  Data  Gb  waveplayer.o [1]
__cmain                 0x08005921         Code  Gb  cmain.o [6]
__exit                  0x08005461   0x14  Code  Gb  exit.o [7]
__iar_data_init3        0x080058a9   0x28  Code  Gb  data_init.o [6]
__iar_init_vfp          0x080058d1         Code  Gb  fpinit_M.o [5]
__iar_lz77_init3        0x080052fb  0x160  Code  Gb  lz77_init.o [6]
__iar_program_start     0x08005961         Code  Gb  cstartup_M.o [6]
__iar_zero_init3        0x08005869   0x40  Code  Gb  zero_init3.o [6]
__low_level_init        0x0800593b    0x4  Code  Gb  low_level_init.o [3]
__vector_table          0x08000000         Data  Gb  startup_stm32f4xx.o [1]
_call_main              0x0800592d         Code  Gb  cmain.o [6]
_exit                   0x08005945         Code  Gb  cexit.o [6]
_main                   0x08005937         Code  Gb  cmain.o [6]
abort                   0x0800545b    0x6  Code  Gb  abort.o [3]
buf_idx                 0x20001bee    0x2  Data  Gb  waverecorder.o [1]
buf_idx1                0x20001bf0    0x2  Data  Gb  waverecorder.o [1]
buffer1                 0x20000038  0x800  Data  Gb  waveplayer.o [1]
buffer2                 0x20000838  0x800  Data  Gb  waveplayer.o [1]
buffer_switch           0x20000001    0x1  Data  Gb  waveplayer.o [1]
bytesWritten            0x20003368    0x2  Data  Gb  waverecorder.o [1]
capture                 0x20003f5a    0x2  Data  Gb  stm32f4xx_it.o [1]
check_fs                0x08000919   0x62  Code  Lc  ff.o [1]
chk_mounted             0x0800097b  0x248  Code  Gb  ff.o [1]
clust2sect              0x080004e1   0x18  Code  Gb  ff.o [1]
counter                 0x20001bf2    0x2  Data  Gb  waverecorder.o [1]
create_chain            0x08000459   0x88  Code  Lc  ff.o [1]
create_name             0x080006f1   0xea  Code  Lc  ff.o [1]
dir                     0x20003f24   0x1c  Data  Gb  usbh_usr.o [1]
dir_next                0x08000585   0xe8  Code  Lc  ff.o [1]
dir_register            0x08000687   0x5e  Code  Lc  ff.o [1]
dir_seek                0x080004f9   0x8c  Code  Lc  ff.o [1]
disk_initialize         0x080010d5   0x18  Code  Gb  usbh_msc_fatfs.o [1]
disk_ioctl              0x080011af   0x38  Code  Gb  usbh_msc_fatfs.o [1]
disk_read               0x080010f9   0x4c  Code  Gb  usbh_msc_fatfs.o [1]
disk_status             0x080010ed    0xc  Code  Gb  usbh_msc_fatfs.o [1]
disk_write              0x08001145   0x56  Code  Gb  usbh_msc_fatfs.o [1]
exit                    0x0800593f    0x4  Code  Gb  exit.o [3]
f_lseek                 0x08000efd  0x146  Code  Gb  ff.o [1]
f_mount                 0x08000c05   0x1c  Code  Gb  ff.o [1]
f_open                  0x08000c35  0x134  Code  Gb  ff.o [1]
f_opendir               0x0800104d   0x46  Code  Gb  ff.o [1]
f_read                  0x08000d7b  0x14a  Code  Gb  ff.o [1]
fatfs                   0x200033b0  0x430  Data  Gb  usbh_usr.o [1]
fileR                   0x200037e0  0x424  Data  Gb  usbh_usr.o [1]
files_flags             0x20003f6a    0x1  Data  Gb  main.o [1]
follow_path             0x08000869   0xaa  Code  Lc  ff.o [1]
get_fat                 0x0800020d   0xc2  Code  Gb  ff.o [1]
get_fattime             0x080011f9    0x4  Code  Gb  fattime.o [1]
main                    0x080050a9  0x120  Code  Gb  main.o [1]
mem_cpy                 0x08000189   0x14  Code  Lc  ff.o [1]
mem_set                 0x0800019d   0x10  Code  Lc  ff.o [1]
move_window             0x080001ad   0x52  Code  Lc  ff.o [1]
pAudioRecBuf            0x20001940    0x4  Data  Gb  waverecorder.o [1]
put_fat                 0x080002d9  0x118  Code  Gb  ff.o [1]
remove_chain            0x080003fd   0x56  Code  Lc  ff.o [1]
stm32_crc               0x20001580    0x4  Data  Gb  pdm_filter.o [4]
validate                0x08000bdd   0x28  Code  Lc  ff.o [1]
volume                  0x200019eb    0x1  Data  Gb  waveplayer.o [1]
wavelen                 0x20000030    0x4  Data  Lc  waveplayer.o [1]
writebuffer             0x20003364    0x4  Data  Gb  waverecorder.o [1]


[1] = C:\Users\CNTM\Downloads\stsw-stm32068\STM32F4-Discovery_FW_V1.1.0\Project\Audio_playback_and_record\EWARM\MEDIA_USB_KEY\Obj
[2] = command line
[3] = dl7M_tln.a
[4] = libPDMFilter_IAR.a
[5] = m7M_tls.a
[6] = rt7M_tl.a
[7] = shb_l.a

  23 210 bytes of readonly  code memory
     838 bytes of readonly  data memory
  17 261 bytes of readwrite data memory

Errors: none
Warnings: none
